Access is denied.
0.1.0 dev
> next dev --webpack

⚠ Port 3000 is in use by process 8956, using available port 3001 instead.
▲ Next.js 16.2.9 (webpack)
- Local:         http://localhost:3001
- Network:       http://26.120.15.205:3001
- Environments: .env.local
✓ Ready in 10.8s
⨯ Another next dev server is already running.

- Local:        http://localhost:3000
- PID:          8956
- Dir:          C:\Users\Justin\dev\project_101\web
- Log:          .next\dev\logs\next-development.log

Run taskkill /PID 8956 /F to stop it.
[?25h
npm error Lifecycle script `dev` failed with error:
npm error code 1
npm error path C:\Users\Justin\dev\project_101\web
npm error workspace project_101-web@0.1.0
npm error location C:\Users\Justin\dev\project_101\web
npm error command failed
npm error command C:\Windows\system32\cmd.exe /d /s /c next dev --webpack
